/etc:
total 804
drwxr-xr-x 2 root root       4096 Aug  3 11:06 PackageKit
drwxr-xr-x 8 root root       4096 Aug  7 10:54 X11
-rw-r--r-- 1 root root       3444 Jul  5  2023 adduser.conf
drwxr-xr-x 2 root root       4096 Aug  7 10:54 alternatives
drwxr-xr-x 2 root root       4096 Jan  6  2025 apparmor
drwxr-xr-x 9 root root       4096 Aug  3 11:08 apparmor.d
drwxr-xr-x 3 root root       4096 Aug  3 11:05 apport
drwxr-xr-x 8 root root       4096 Jan  6  2025 apt
-rw-r--r-- 1 root root       2319 Mar 31  2024 bash.bashrc
-rw-r--r-- 1 root root         45 Jan 24  2020 bash_completion
drwxr-xr-x 2 root root       4096 Aug  3 11:06 bash_completion.d
-rw-r--r-- 1 root root        367 Aug  2  2022 bindresvport.blacklist
drwxr-xr-x 2 root root       4096 Apr 19  2024 binfmt.d
drwxr-xr-x 2 root root       4096 Jan  6  2025 byobu
drwxr-xr-x 3 root root       4096 Jan  6  2025 ca-certificates
-rw-r--r-- 1 root root       6862 Aug  3 11:06 ca-certificates.conf
-rw-r--r-- 1 root root       6288 Jan  6  2025 ca-certificates.conf.dpkg-old
drwxr-xr-x 5 root root       4096 Aug  3 11:07 cloud
drwxr-xr-x 2 root root       4096 Jan  6  2025 console-setup
drwx------ 2 root root       4096 Apr 19  2024 credstore
drwx------ 2 root root       4096 Apr 19  2024 credstore.encrypted
drwxr-xr-x 2 root root       4096 Jan  6  2025 cron.d
drwxr-xr-x 2 root root       4096 Aug  3 11:06 cron.daily
drwxr-xr-x 2 root root       4096 Jan  6  2025 cron.hourly
drwxr-xr-x 2 root root       4096 Jan  6  2025 cron.monthly
drwxr-xr-x 2 root root       4096 Jan  6  2025 cron.weekly
drwxr-xr-x 2 root root       4096 Jan  6  2025 cron.yearly
-rw-r--r-- 1 root root       1136 Mar 31  2024 crontab
drwxr-xr-x 4 root root       4096 Jan  6  2025 dbus-1
drwxr-xr-x 3 root root       4096 Jan  6  2025 dconf
-rw-r--r-- 1 root root       2967 Apr 12  2024 debconf.conf
-rw-r--r-- 1 root root         11 Apr 22  2024 debian_version
drwxr-xr-x 2 root root       4096 Aug  3 11:09 default
-rw-r--r-- 1 root root       1706 Jul  5  2023 deluser.conf
drwxr-xr-x 2 root root       4096 Aug  3 11:06 depmod.d
drwxr-xr-x 3 root root       4096 Jan  6  2025 dhcp
-rw-r--r-- 1 root root       1429 Mar 31  2024 dhcpcd.conf
drwxr-xr-x 4 root root       4096 Aug  3 11:06 dpkg
-rw-r--r-- 1 root root        685 Apr  8  2024 e2scrub.conf
-rw-r--r-- 1 root root        106 Jan  6  2025 environment
drwxr-xr-x 2 root root       4096 Jan  6  2025 environment.d
-rw-r--r-- 1 root root       1853 Oct 17  2022 ethertypes
drwxr-xr-x 4 root root       4096 Jan  6  2025 fonts
-rw-r--r-- 1 root root         37 Jan  6  2025 fstab
-rw-r--r-- 1 root root        694 Apr  8  2024 fuse.conf
-rw-r--r-- 1 root root       2584 Jan 31  2024 gai.conf
drwxr-xr-x 3 root root       4096 Jan  6  2025 glvnd
drwxr-xr-x 2 root root       4096 Aug  3 11:08 gnutls
-rw-r--r-- 1 root root       3986 Aug  7  2024 gprofng.rc
drwxr-xr-x 2 root root       4096 Jan  6  2025 groff
-rw-r--r-- 1 root root        795 Jul 16 08:42 group
-rw-r--r-- 1 root root        813 Jul 16 08:41 group-
-rw-r----- 1 root shadow      680 Jul 16 08:42 gshadow
-rw-r----- 1 root shadow      694 Jul 16 08:41 gshadow-
drwxr-xr-x 3 root root       4096 Jan  6  2025 gss
drwxr-xr-x 2 root root       4096 Jan  6  2025 gtk-3.0
-rw-r--r-- 1 root root         92 Apr 22  2024 host.conf
-rw-r--r-- 1 root root         11 Aug  7 10:46 hostname
-rw-r--r-- 1 root root        406 Aug  7 10:46 hosts
drwxr-xr-x 2 root root       4096 Aug  3 11:09 init.d
-rw-r--r-- 1 root root       1875 Mar 31  2024 inputrc
drwxr-xr-x 4 root root       4096 Jan  6  2025 iproute2
-rw-r--r-- 1 root root         26 Aug 23  2024 issue
-rw-r--r-- 1 root root         19 Aug 23  2024 issue.net
drwxr-xr-x 4 root root       4096 Jan  6  2025 kernel
drwxrwxr-x 2 root landscape  4096 Jan  6  2025 landscape
-rw-r--r-- 1 root root      18339 Aug  7 10:54 ld.so.cache
-rw-r--r-- 1 root root         34 Aug  2  2022 ld.so.conf
drwxr-xr-x 2 root root       4096 Aug  3 11:04 ld.so.conf.d
drwxr-xr-x 2 root root       4096 Jan  6  2025 ldap
-rw-r--r-- 1 root root        267 Apr 22  2024 legal
-rw-r--r-- 1 root root        191 Mar 31  2024 libaudit.conf
-rw-r--r-- 1 root root       2996 Mar 30  2024 locale.alias
-rw-r--r-- 1 root root         13 Jan  6  2025 locale.conf
-rw-r--r-- 1 root root       9565 Aug  3 11:04 locale.gen
lrwxrwxrwx 1 root root         27 Jan  6  2025 localtime -> /usr/share/zoneinfo/Etc/UTC
drwxr-xr-x 3 root root       4096 Jan  6  2025 logcheck
-rw-r--r-- 1 root root      12345 Feb 22  2024 login.defs
-rw-r--r-- 1 root root        586 Apr  8  2024 logrotate.conf
drwxr-xr-x 2 root root       4096 Aug  3 11:07 logrotate.d
-rw-r--r-- 1 root root        104 Aug 23  2024 lsb-release
-r--r--r-- 1 root root         33 Jul 10 09:30 machine-id
-rw-r--r-- 1 root root        111 Mar 31  2024 magic
-rw-r--r-- 1 root root        111 Mar 31  2024 magic.mime
-rw-r--r-- 1 root root       5230 Apr  8  2024 manpath.config
-rw-r--r-- 1 root root      75113 Jul 12  2023 mime.types
-rw-r--r-- 1 root root        744 Apr  8  2024 mke2fs.conf
drwxr-xr-x 2 root root       4096 Aug  3 11:06 modprobe.d
-rw-r--r-- 1 root root        212 Jan  6  2025 modules
drwxr-xr-x 2 root root       4096 Aug  3 11:05 modules-load.d
lrwxrwxrwx 1 root root         19 Jan  6  2025 mtab -> ../proc/self/mounts
-rw-r--r-- 1 root root      11424 May 23  2023 nanorc
-rw-r--r-- 1 root root        767 Mar 31  2024 netconfig
drwxr-xr-x 2 root root       4096 Apr 18  2024 netplan
drwxr-xr-x 8 root root       4096 Jan  6  2025 networkd-dispatcher
-rw-r--r-- 1 root root         91 Apr 22  2024 networks
drwxr-xr-x 2 root root       4096 Jan  6  2025 newt
-rw-r--r-- 1 root root        526 Jan  6  2025 nsswitch.conf
drwxr-xr-x 2 root root       4096 Jan  6  2025 opt
lrwxrwxrwx 1 root root         21 Aug 23  2024 os-release -> ../usr/lib/os-release
-rw-r--r-- 1 root root        552 Oct 13  2022 pam.conf
drwxr-xr-x 2 root root       4096 Aug  3 11:08 pam.d
-rw-r--r-- 1 root root       1426 Jul 16 08:42 passwd
-rw-r--r-- 1 root root       1468 Jul 16 08:41 passwd-
drwxr-xr-x 3 root root       4096 Jan  6  2025 perl
drwxr-xr-x 3 root root       4096 Jan  6  2025 pm
drwxr-xr-x 3 root root       4096 Jan  6  2025 polkit-1
-rw-r--r-- 1 root root        582 Apr 22  2024 profile
drwxr-xr-x 2 root root       4096 Aug  3 11:08 profile.d
-rw-r--r-- 1 root root       3144 Oct 17  2022 protocols
drwxr-xr-x 2 root root       4096 Jan  6  2025 python3
drwxr-xr-x 2 root root       4096 Aug  3 11:07 python3.12
drwxr-xr-x 2 root root       4096 Jan  6  2025 rc0.d
drwxr-xr-x 2 root root       4096 Jan  6  2025 rc1.d
drwxr-xr-x 2 root root       4096 Jan  6  2025 rc2.d
drwxr-xr-x 2 root root       4096 Jan  6  2025 rc3.d
drwxr-xr-x 2 root root       4096 Jan  6  2025 rc4.d
drwxr-xr-x 2 root root       4096 Jan  6  2025 rc5.d
drwxr-xr-x 2 root root       4096 Jan  6  2025 rc6.d
drwxr-xr-x 2 root root       4096 Jan  6  2025 rcS.d
lrwxrwxrwx 1 root root         20 Aug  7 10:46 resolv.conf -> /mnt/wsl/resolv.conf
lrwxrwxrwx 1 root root         13 Jul 20 14:38 rmt -> /usr/sbin/rmt
-rw-r--r-- 1 root root        911 Oct 17  2022 rpc
-rw-r--r-- 1 root root       1213 Mar 22  2024 rsyslog.conf
drwxr-xr-x 2 root root       4096 Aug  3 11:07 rsyslog.d
drwxr-xr-x 4 root root       4096 Aug  3 11:06 security
drwxr-xr-x 2 root root       4096 Jan  6  2025 selinux
drwxr-xr-x 2 root root       4096 Jan  6  2025 sensors.d
-rw-r--r-- 1 root root      10593 Mar 31  2024 sensors3.conf
-rw-r--r-- 1 root root      12813 Mar 27  2021 services
drwxr-xr-x 2 root root       4096 Jan  6  2025 sgml
-rw-r----- 1 root shadow      802 Jul 16 09:22 shadow
-rw-r----- 1 root shadow      803 Jul 16 09:22 shadow-
-rw-r--r-- 1 root root        132 Jan  6  2025 shells
drwxr-xr-x 2 root root       4096 Jan  6  2025 skel
drwxr-xr-x 3 root root       4096 Aug  3 11:08 ssh
drwxr-xr-x 4 root root       4096 Aug  3 11:08 ssl
-rw-r--r-- 1 root root         20 Jul 16 08:42 subgid
-rw-r--r-- 1 root root         38 Jul 16 08:41 subgid-
-rw-r--r-- 1 root root         20 Jul 16 08:42 subuid
-rw-r--r-- 1 root root         38 Jul 16 08:41 subuid-
-rw-r--r-- 1 root root       4343 Apr  8  2024 sudo.conf
-rw-r--r-- 1 root root       9804 Apr  8  2024 sudo_logsrvd.conf
-r--r----- 1 root root       1800 Jan 29  2024 sudoers
drwxr-xr-x 2 root root       4096 Aug  3 11:08 sudoers.d
drwxr-xr-x 2 root root       4096 Jan  6  2025 supercat
-rw-r--r-- 1 root root       2209 Mar 24  2024 sysctl.conf
drwxr-xr-x 2 root root       4096 Aug  3 11:05 sysctl.d
drwxr-xr-x 6 root root       4096 Aug  3 11:05 systemd
drwxr-xr-x 2 root root       4096 Aug  3 11:05 terminfo
-rw-r--r-- 1 root root          8 Aug  3 11:07 timezone
drwxr-xr-x 2 root root       4096 Apr 19  2024 tmpfiles.d
drwxr-xr-x 2 root root       4096 Aug  3 11:06 ubuntu-advantage
-rw-r--r-- 1 root root       1260 Jan 27  2023 ucf.conf
drwxr-xr-x 4 root root       4096 Aug  3 11:05 udev
drwxr-xr-x 3 root root       4096 Jan  6  2025 update-manager
drwxr-xr-x 2 root root       4096 Aug  3 11:06 update-motd.d
lrwxrwxrwx 1 root root         16 Jan  6  2025 vconsole.conf -> default/keyboard
drwxr-xr-x 2 root root       4096 Aug  3 11:05 vim
lrwxrwxrwx 1 root root         23 Feb 26  2024 vtrgb -> /etc/alternatives/vtrgb
drwxr-xr-x 5 root root       4096 Jan  6  2025 vulkan
-rw-r--r-- 1 root root       4942 Jun 19  2024 wgetrc
-rw-r--r-- 1 root root         20 Jan  6  2025 wsl.conf
-rw-r--r-- 1 root root        681 Apr  8  2024 xattr.conf
drwxr-xr-x 5 root root       4096 Jan  6  2025 xdg
drwxr-xr-x 2 root root       4096 Aug  3 11:07 xml
-rw-r--r-- 1 root root        460 Jan 20  2023 zsh_command_not_found
